<html>
<body>
<pre>
<h1>µVision Build Log</h1>
<h2>Tool Versions:</h2>
IDE-Version: ¦ÌVision V5.15
Copyright (C) 2015 ARM Ltd and ARM Germany GmbH. All rights reserved.
License Information: xiang yuesheng, yuesheng, LIC=9WS45-GPT9I-10XN7-EY02H-M63JF-GYQIQ
 
Tool Versions:
Toolchain:       MDK-ARM Standard  Version: 5.15.0
Toolchain Path:  f:\Keil_v5\ARM\ARMCC\Bin
C Compiler:      Armcc.exe V5.05 update 2 (build 169)
Assembler:       Armasm.exe V5.05 update 2 (build 169)
Linker/Locator:  ArmLink.exe V5.05 update 2 (build 169)
Library Manager: ArmAr.exe V5.05 update 2 (build 169)
Hex Converter:   FromElf.exe V5.05 update 2 (build 169)
CPU DLL:         SARMCM3.DLL V5.15.0
Dialog DLL:      DARMCM1.DLL V1.12.0.0
Target DLL:      STLink\ST-LINKIII-KEIL_SWO.dll V2.0.15.0_KEIL
Dialog DLL:      TARMCM1.DLL V1.9.0.0
 
<h2>Project:</h2>
G:\my_study\stm32\ucosii\ucosii_led\user\ucosii_led.uvprojx
Project File Date:  02/21/2017

<h2>Output:</h2>
*** Using Compiler 'V5.05 update 2 (build 169)', folder: 'f:\Keil_v5\ARM\ARMCC\Bin'
Rebuild target 'Target 1'
assembling startup_stm32f0xx.s...
compiling stm32f0xx_it.c...
compiling system_stm32f0xx.c...
compiling main.c...
compiling led.c...
compiling os_cpu_c.c...
compiling os_dbg.c...
assembling os_cpu_a.asm...
compiling os_core.c...
compiling os_flag.c...
compiling os_mbox.c...
compiling os_mem.c...
compiling os_mutex.c...
compiling os_q.c...
compiling os_sem.c...
compiling os_task.c...
compiling os_time.c...
compiling os_tmr.c...
linking...
Program Size: Code=6562 RO-data=498 RW-data=68 ZI-data=5812  
FromELF: creating hex file...
".\ucosii_led.axf" - 0 Error(s), 0 Warning(s).

<h2>Collection of Component include folders:</h2>
  G:\my_study\stm32\ucosii\ucosii_led\user\RTE
  f:\Keil_v5\ARM\PACK\Keil\STM32F0xx_DFP\1.5.0\Device\Include

<h2>Collection of Component Files used:</h2>
</pre>
</body>
</html>
